// Vitest Snapshot v1, https://vitest.dev/guide/snapshot.html

exports[`Value panel wrappper tests > should render tooltip when there are conflicting thresholds 1`] = `
<div>
  <div
    class="sc-gEvEer lcijYt"
  >
    <p
      class="_typography_j4pmm_1"
      data-slot="typography"
      data-variant="text"
    />
  </div>
  <div
    class="sc-aXZVg bHVvBF"
  >
    <div
      class="value-graph-container"
    >
      <div
        class="value-text-container"
      >
        <p
          class="_typography_j4pmm_1 value-graph-text"
          data-slot="typography"
          data-testid="value-graph-text"
          data-variant="text"
          style="color: blue; font-size: 16px;"
        >
          295.43
        </p>
        <p
          class="_typography_j4pmm_1 value-graph-unit"
          data-slot="typography"
          data-testid="value-graph-suffix-unit"
          data-variant="text"
          style="color: blue; font-size: calc(11.2px);"
        >
          ms
        </p>
      </div>
      <div
        class="value-graph-textconflict"
      >
        <svg
          class="signoz-icon value-graph-icon"
          data-testid="conflicting-thresholds"
          fill="none"
          height="14"
          stroke="currentColor"
          stroke-width="1.17"
          viewBox="0 0 16 16"
          width="14"
          xmlns="http://www.w3.org/2000/svg"
        >
          <g
            clip-path="url(#circle-alert_svg__a)"
          >
            <path
              d="M8 5.333V8m0 2.667h.006M14.666 8A6.667 6.667 0 1 1 1.333 8a6.667 6.667 0 0 1 13.333 0Z"
              stroke="inherit"
              stroke-linecap="round"
              stroke-linejoin="round"
              stroke-width="1.33"
            />
          </g>
          <defs>
            <clippath
              id="circle-alert_svg__a"
            >
              <path
                d="M0 0h16v16H0z"
                fill="#fff"
              />
            </clippath>
          </defs>
        </svg>
      </div>
    </div>
  </div>
</div>
`;
