// Vitest Snapshot v1, https://vitest.dev/guide/snapshot.html

exports[`PipelinePage container test > should render CreatePipelineButton section 1`] = `
<DocumentFragment>
  <div
    class="sc-aXZVg eQjxtX"
  >
    <svg
      aria-label="Help"
      class="signoz-icon"
      fill="none"
      height="16"
      role="img"
      stroke="currentColor"
      stroke-width="1.33"
      style="font-size: 1rem; color: rgba(255, 255, 255, 0.835);"
      viewBox="0 0 16 16"
      width="16"
      xmlns="http://www.w3.org/2000/svg"
    >
      <g
        clip-path="url(#circle-help_svg__a)"
      >
        <path
          d="M6.06 6a2 2 0 0 1 3.886.667c0 1.333-2 2-2 2M8 11.333h.006M14.666 8A6.667 6.667 0 1 1 1.333 8a6.667 6.667 0 0 1 13.333 0Z"
          stroke="inherit"
          stroke-linecap="round"
          stroke-linejoin="round"
          stroke-width="1.33"
        />
      </g>
      <defs>
        <clippath
          id="circle-help_svg__a"
        >
          <path
            d="M0 0h16v16H0z"
            fill="#fff"
          />
        </clippath>
      </defs>
    </svg>
    <button
      class="ant-btn css-dev-only-do-not-override-2i2tap ant-btn-default sc-gEvEer hwjXbM"
      type="button"
    >
      <div
        class="ant-flex css-dev-only-do-not-override-2i2tap ant-flex-align-center"
        style="gap: 4px;"
      >
        <svg
          class="signoz-icon"
          fill="none"
          height="14"
          stroke="currentColor"
          stroke-width="1.17"
          viewBox="0 0 16 16"
          width="14"
          xmlns="http://www.w3.org/2000/svg"
        >
          <path
            d="M8 13.333h6m-4-10 2 2m-1.082-2.918a1.415 1.415 0 0 1 2.001 2.001l-8.007 8.007a1.333 1.333 0 0 1-.57.338l-1.914.558a.332.332 0 0 1-.417-.237.334.334 0 0 1 .003-.176l.559-1.915c.063-.215.179-.41.337-.569l8.008-8.007Z"
            stroke="inherit"
            stroke-linecap="round"
            stroke-linejoin="round"
            stroke-width="1.33"
          />
        </svg>
        enter_edit_mode
      </div>
    </button>
  </div>
</DocumentFragment>
`;
