// Vitest Snapshot v1, https://vitest.dev/guide/snapshot.html

exports[`PipelinePage container test > should render DeleteAction section 1`] = `
<DocumentFragment>
  <svg
    class="signoz-icon"
    data-testid="pipeline-delete-action"
    fill="none"
    height="16"
    stroke="currentColor"
    stroke-width="1.33"
    style="font-size: 1rem;"
    viewBox="0 0 16 16"
    width="16"
    xmlns="http://www.w3.org/2000/svg"
  >
    <path
      d="M2 4h12m-1.333 0v9.333c0 .667-.667 1.334-1.334 1.334H4.667c-.667 0-1.334-.667-1.334-1.334V4m2 0V2.667C5.333 2 6 1.333 6.667 1.333h2.666c.667 0 1.334.667 1.334 1.334V4m-4 3.333v4m2.666-4v4"
      stroke="inherit"
      stroke-linecap="round"
      stroke-linejoin="round"
      stroke-width="1.33"
    />
  </svg>
</DocumentFragment>
`;
