// Vitest Snapshot v1, https://vitest.dev/guide/snapshot.html

exports[`PipelinePage container test > should render DragAction section 1`] = `
<DocumentFragment>
  <div
    class="sc-kOHTFB dRVeIL"
  >
    <div
      class="_switch-wrapper_1a8sn_6"
    >
      <button
        aria-checked="true"
        class="_switch_1a8sn_6"
        data-color="robin"
        data-state="checked"
        id=":r0:"
        role="switch"
        type="button"
        value="on"
      >
        <span
          class="_switch__thumb_1a8sn_71"
          data-state="checked"
        />
      </button>
    </div>
    <svg
      class="signoz-icon"
      fill="none"
      height="16"
      stroke="currentColor"
      stroke-width="1.33"
      style="font-size: 1rem; cursor: move;"
      viewBox="0 0 16 16"
      width="16"
      xmlns="http://www.w3.org/2000/svg"
    >
      <path
        d="M6 8.667a.667.667 0 1 0 0-1.334.667.667 0 0 0 0 1.334ZM6 4a.667.667 0 1 0 0-1.333A.667.667 0 0 0 6 4ZM6 13.333A.667.667 0 1 0 6 12a.667.667 0 0 0 0 1.333ZM10 8.667a.667.667 0 1 0 0-1.334.667.667 0 0 0 0 1.334ZM10 4a.667.667 0 1 0 0-1.333A.667.667 0 0 0 10 4ZM10 13.333A.667.667 0 1 0 10 12a.667.667 0 0 0 0 1.333Z"
        stroke="inherit"
        stroke-linecap="round"
        stroke-linejoin="round"
        stroke-width="1.33"
      />
    </svg>
  </div>
</DocumentFragment>
`;
