// Jest Snapshot v1, https://jestjs.io/docs/snapshot-testing

exports[`PipelinePage container test should render DragAction section 1`] = `
<DocumentFragment>
  .c0 {
  display: -webkit-box;
  display: -webkit-flex;
  display: -ms-flexbox;
  display: flex;
  -webkit-box-pack: center;
  -webkit-justify-content: center;
  -ms-flex-pack: center;
  justify-content: center;
  gap: 1.25rem;
  -webkit-align-items: center;
  -webkit-box-align: center;
  -ms-flex-align: center;
  align-items: center;
}

<div
    class="c0"
  >
    <button
      aria-checked="true"
      class="ant-switch css-dev-only-do-not-override-2i2tap ant-switch-checked"
      role="switch"
      type="button"
    >
      <div
        class="ant-switch-handle"
      />
      <span
        class="ant-switch-inner"
      >
        <span
          class="ant-switch-inner-checked"
        />
        <span
          class="ant-switch-inner-unchecked"
        />
      </span>
    </button>
    <svg
      style="font-size: 1rem; cursor: move;"
    />
  </div>
</DocumentFragment>
`;
