// Jest Snapshot v1, https://jestjs.io/docs/snapshot-testing

exports[`PipelinePage container test should render DragAction section 1`] = `
<DocumentFragment>
  .c0 {
  display: -webkit-box;
  display: -webkit-flex;
  display: -ms-flexbox;
  display: flex;
  -webkit-box-pack: center;
  -webkit-justify-content: center;
  -ms-flex-pack: center;
  justify-content: center;
  gap: 1.25rem;
  -webkit-align-items: center;
  -webkit-box-align: center;
  -ms-flex-align: center;
  align-items: center;
}

<div
    class="c0"
  >
    <span
      aria-checked="true"
      class="_switch_1ul3x_1"
      data-checked=""
      data-color="primary"
      data-slot="switch"
      id="base-ui-:r3:"
      role="switch"
      tabindex="0"
    >
      <span
        class="_switch__thumb_1ul3x_90"
        data-checked=""
        data-slot="switch-thumb"
      />
    </span>
    <input
      aria-hidden="true"
      checked=""
      id="base-ui-:r4:"
      style="clip-path: inset(50%); overflow: hidden; white-space: nowrap; border: 0px; padding: 0px; width: 1px; height: 1px; margin: -1px; position: fixed; top: 0px; left: 0px;"
      tabindex="-1"
      type="checkbox"
    />
    <svg
      style="font-size: 1rem; cursor: move;"
    />
  </div>
</DocumentFragment>
`;
