// Vitest Snapshot v1, https://vitest.dev/guide/snapshot.html

exports[`PipelinePage container test > should render PipelinePageLayout section 1`] = `
<DocumentFragment>
  <div
    class="sc-eldPxv ilYzmC"
  >
    <svg
      aria-label="Help"
      class="signoz-icon"
      fill="none"
      height="16"
      role="img"
      stroke="currentColor"
      stroke-width="1.33"
      style="font-size: 1rem; color: rgba(255, 255, 255, 0.835);"
      viewBox="0 0 16 16"
      width="16"
      xmlns="http://www.w3.org/2000/svg"
    >
      <g
        clip-path="url(#circle-help_svg__a)"
      >
        <path
          d="M6.06 6a2 2 0 0 1 3.886.667c0 1.333-2 2-2 2M8 11.333h.006M14.666 8A6.667 6.667 0 1 1 1.333 8a6.667 6.667 0 0 1 13.333 0Z"
          stroke="inherit"
          stroke-linecap="round"
          stroke-linejoin="round"
          stroke-width="1.33"
        />
      </g>
      <defs>
        <clippath
          id="circle-help_svg__a"
        >
          <path
            d="M0 0h16v16H0z"
            fill="#fff"
          />
        </clippath>
      </defs>
    </svg>
    <button
      class="ant-btn css-dev-only-do-not-override-2i2tap ant-btn-primary sc-fPXMVe eGbUda"
      type="button"
    >
      <span
        class="ant-btn-icon"
      >
        <svg
          class="signoz-icon"
          fill="none"
          height="10"
          stroke="currentColor"
          stroke-width="0.83"
          viewBox="0 0 16 16"
          width="10"
          xmlns="http://www.w3.org/2000/svg"
        >
          <path
            d="M3.333 8h9.333M8 3.333v9.334"
            stroke="inherit"
            stroke-linecap="round"
            stroke-linejoin="round"
            stroke-width="1.33"
          />
        </svg>
      </span>
      <span>
        new_pipeline
      </span>
    </button>
  </div>
  <div
    class="sc-kAyceB bxlzGW"
  >
    <div
      class="logs-pipelines-empty-state-centered-container"
    >
      <div
        class="ant-card ant-card-bordered ant-card-small css-dev-only-do-not-override-2i2tap"
      >
        <div
          class="ant-card-body"
        >
          <div
            class="logs-pipelines-empty-state-centered-container"
          >
            <iframe
              allow="accelerometer; autoplay; clipboard-write; encrypted-media; gyroscope; picture-in-picture"
              allowfullscreen=""
              class="logs-pipelines-empty-state-video-iframe"
              frameborder="0"
              sandbox="allow-scripts allow-same-origin allow-popups allow-popups-to-escape-sandbox"
              src="https://www.youtube.com/embed/OneENGNmLd0"
              title="learn_more"
            />
            <div>
              <p
                class="_typography_j4pmm_1"
                data-slot="typography"
                data-variant="text"
              >
                learn_more 
                <a
                  href="https://signoz.io/docs/logs-pipelines/introduction/?utm_source=product&utm_medium=pipelines-tab"
                  rel="noopener noreferrer"
                  target="_blank"
                >
                  here
                </a>
              </p>
            </div>
          </div>
        </div>
      </div>
    </div>
  </div>
</DocumentFragment>
`;
