// Jest Snapshot v1, https://goo.gl/fbAQLP

exports[`PipelinePage container test should render AddNewPipeline section 1`] = `<DocumentFragment />`;

exports[`PipelinePage container test should render PipelineListsView section 1`] = `
<DocumentFragment>
  .c2 {
  margin: 0.125rem;
  padding: 0.313rem;
  border: none;
  font-style: normal;
  font-weight: 400;
  font-size: 0.75rem;
  line-height: 1.25rem;
}

.c0 {
  margin-top: 3rem;
}

.c1 {
  display: -webkit-box;
  display: -webkit-flex;
  display: -ms-flexbox;
  display: flex;
  gap: 0.938rem;
  -webkit-box-pack: end;
  -webkit-justify-content: flex-end;
  -ms-flex-pack: end;
  justify-content: flex-end;
  color: #D89614;
  margin: 0.125rem;
  padding: 0.313rem;
}

<div>
    <div
      class="c0"
    >
      <div
        class="c1"
      >
        <div>
          Mode: 
          <span>
            Viewing
          </span>
        </div>
        <div>
          Configuration Version 1.0
        </div>
      </div>
      <div
        class="ant-table-wrapper css-dev-only-do-not-override-1i536d8"
      >
        <div
          class="ant-spin-nested-loading css-dev-only-do-not-override-1i536d8"
        >
          <div
            class="ant-spin-container"
          >
            <div
              class="ant-table"
            >
              <div
                class="ant-table-container"
              >
                <div
                  class="ant-table-content"
                >
                  <table
                    style="table-layout: auto;"
                  >
                    <colgroup>
                      <col
                        class="ant-table-expand-icon-col"
                      />
                    </colgroup>
                    <thead
                      class="ant-table-thead"
                    >
                      <tr>
                        <th
                          class="ant-table-cell ant-table-row-expand-icon-cell"
                        />
                        <th
                          class="ant-table-cell"
                          style="text-align: left;"
                        />
                        <th
                          class="ant-table-cell"
                          style="text-align: left;"
                        >
                          Pipeline Name
                        </th>
                        <th
                          class="ant-table-cell"
                          style="text-align: left;"
                        >
                          Filters
                        </th>
                        <th
                          class="ant-table-cell"
                          style="text-align: left;"
                        >
                          Tags
                        </th>
                        <th
                          class="ant-table-cell"
                          style="text-align: left;"
                        >
                          Last Edited
                        </th>
                        <th
                          class="ant-table-cell"
                          style="text-align: left;"
                        >
                          Edited By
                        </th>
                      </tr>
                    </thead>
                    <tbody
                      class="ant-table-tbody"
                    >
                      <tr
                        class="ant-table-row ant-table-row-level-0"
                        data-row-key="22a588b8-cccc-4a49-94f1-2caa28271315"
                        draggable="true"
                      >
                        <td
                          class="ant-table-cell ant-table-row-expand-icon-cell"
                        >
                          <span
                            aria-label="right"
                            class="anticon anticon-right"
                            role="img"
                            tabindex="-1"
                          >
                            <svg
                              aria-hidden="true"
                              data-icon="right"
                              fill="currentColor"
                              focusable="false"
                              height="1em"
                              viewBox="64 64 896 896"
                              width="1em"
                            >
                              <path
                                d="M765.7 486.8L314.9 134.7A7.97 7.97 0 00302 141v77.3c0 4.9 2.3 9.6 6.1 12.6l360 281.1-360 281.1c-3.9 3-6.1 7.7-6.1 12.6V883c0 6.7 7.7 10.4 12.9 6.3l450.8-352.1a31.96 31.96 0 000-50.4z"
                              />
                            </svg>
                          </span>
                        </td>
                        <td
                          class="ant-table-cell"
                          style="text-align: left;"
                        >
                          <span
                            class="ant-avatar ant-avatar-sm ant-avatar-circle css-dev-only-do-not-override-1i536d8"
                            style="background: rgb(22, 104, 220);"
                          >
                            <span
                              class="ant-avatar-string"
                              style="transform: scale(1) translateX(-50%);"
                            >
                              1
                            </span>
                          </span>
                        </td>
                        <td
                          class="ant-table-cell"
                          style="text-align: left;"
                        >
                          <div
                            class="c2"
                          >
                            Apache common parser
                          </div>
                        </td>
                        <td
                          class="ant-table-cell"
                          style="text-align: left;"
                        >
                          <span>
                            attributes.source == nginx
                          </span>
                        </td>
                        <td
                          class="ant-table-cell"
                          style="text-align: left;"
                        >
                          <span>
                            <span
                              class="ant-tag ant-tag-magenta css-dev-only-do-not-override-1i536d8"
                            >
                              server
                            </span>
                            <span
                              class="ant-tag ant-tag-magenta css-dev-only-do-not-override-1i536d8"
                            >
                              app
                            </span>
                          </span>
                        </td>
                        <td
                          class="ant-table-cell"
                          style="text-align: left;"
                        >
                          <span>
                            Mon Feb 06 2023
                          </span>
                        </td>
                        <td
                          class="ant-table-cell"
                          style="text-align: left;"
                        >
                          <span>
                            nitya
                          </span>
                        </td>
                      </tr>
                      <tr
                        class="ant-table-row ant-table-row-level-0"
                        data-row-key="f58ce70c-5f41-48bc-949d-a822e2409257"
                        draggable="true"
                      >
                        <td
                          class="ant-table-cell ant-table-row-expand-icon-cell"
                        >
                          <span
                            aria-label="right"
                            class="anticon anticon-right"
                            role="img"
                            tabindex="-1"
                          >
                            <svg
                              aria-hidden="true"
                              data-icon="right"
                              fill="currentColor"
                              focusable="false"
                              height="1em"
                              viewBox="64 64 896 896"
                              width="1em"
                            >
                              <path
                                d="M765.7 486.8L314.9 134.7A7.97 7.97 0 00302 141v77.3c0 4.9 2.3 9.6 6.1 12.6l360 281.1-360 281.1c-3.9 3-6.1 7.7-6.1 12.6V883c0 6.7 7.7 10.4 12.9 6.3l450.8-352.1a31.96 31.96 0 000-50.4z"
                              />
                            </svg>
                          </span>
                        </td>
                        <td
                          class="ant-table-cell"
                          style="text-align: left;"
                        >
                          <span
                            class="ant-avatar ant-avatar-sm ant-avatar-circle css-dev-only-do-not-override-1i536d8"
                            style="background: rgb(22, 104, 220);"
                          >
                            <span
                              class="ant-avatar-string"
                              style="transform: scale(1) translateX(-50%);"
                            >
                              2
                            </span>
                          </span>
                        </td>
                        <td
                          class="ant-table-cell"
                          style="text-align: left;"
                        >
                          <div
                            class="c2"
                          >
                            myservice trace parser
                          </div>
                        </td>
                        <td
                          class="ant-table-cell"
                          style="text-align: left;"
                        >
                          <span>
                            attributes.source == myservice
                          </span>
                        </td>
                        <td
                          class="ant-table-cell"
                          style="text-align: left;"
                        >
                          <span>
                            <span
                              class="ant-tag ant-tag-magenta css-dev-only-do-not-override-1i536d8"
                            >
                              server
                            </span>
                            <span
                              class="ant-tag ant-tag-magenta css-dev-only-do-not-override-1i536d8"
                            >
                              app
                            </span>
                            <span
                              class="ant-tag ant-tag-magenta css-dev-only-do-not-override-1i536d8"
                            >
                              host
                            </span>
                            <span
                              class="ant-tag ant-tag-magenta css-dev-only-do-not-override-1i536d8"
                            >
                              realse
                            </span>
                          </span>
                        </td>
                        <td
                          class="ant-table-cell"
                          style="text-align: left;"
                        >
                          <span>
                            Sun Feb 05 2023
                          </span>
                        </td>
                        <td
                          class="ant-table-cell"
                          style="text-align: left;"
                        >
                          <span>
                            nityananda
                          </span>
                        </td>
                      </tr>
                    </tbody>
                  </table>
                </div>
              </div>
              <div
                class="ant-table-footer"
              />
            </div>
          </div>
        </div>
      </div>
    </div>
  </div>
</DocumentFragment>
`;
