// Jest Snapshot v1, https://jestjs.io/docs/snapshot-testing

exports[`PipelinePage container test should render TableExpandIcon section 1`] = `
<DocumentFragment>
  <div
    class="ant-flex css-dev-only-do-not-override-2i2tap ant-flex-align-center ant-flex-justify-center"
    data-testid="pipeline-row-collapse"
  >
    <svg />
  </div>
</DocumentFragment>
`;
