// Jest Snapshot v1, https://goo.gl/fbAQLP

exports[`PipelinePage container test should render Tags section 1`] = `
<DocumentFragment>
  <span>
    <span
      class="ant-tag ant-tag-magenta css-dev-only-do-not-override-2i2tap"
    >
      server
    </span>
    <span
      class="ant-tag ant-tag-magenta css-dev-only-do-not-override-2i2tap"
    >
      app
    </span>
  </span>
</DocumentFragment>
`;
