// Vitest Snapshot v1, https://vitest.dev/guide/snapshot.html

exports[`Not Found page test > should render Not Found page without errors 1`] = `
<DocumentFragment>
  <div
    class="sc-gEvEer jnIQEo"
  >
    <img
      alt="not-found"
      src="test-file-stub"
      style="max-height: 480px; max-width: 480px;"
    />
    <div
      class="sc-fqkvVR dmgRTJ"
    >
      <p
        class="sc-eqUAAy keriGu"
      >
        Ah, seems like we reached a dead end!
      </p>
      <p
        class="sc-eqUAAy keriGu"
      >
        Page Not Found
      </p>
    </div>
    <a
      class="sc-aXZVg hSWmhs"
      href="/home"
      tabindex="0"
    >
      Return Home
    </a>
  </div>
</DocumentFragment>
`;
