// Jest Snapshot v1, https://goo.gl/fbAQLP

exports[`QueryBuilder: List Item Wrapper it should render ListItemWrapper 1`] = `
<DocumentFragment>
  .c1 {
  position: absolute;
  top: 0.5rem;
  right: 0.9375rem;
  z-index: 1;
  cursor: pointer;
  opacity: 0.45;
  width: 1.3125rem;
  height: 1.3125rem;
}

.c1 svg {
  width: 100%;
  height: 100%;
}

.c0 {
  padding-right: 3rem;
}

<div
    class="ant-row c0 css-dev-only-do-not-override-1i536d8"
    style="margin-top: -7.5px; margin-bottom: -7.5px;"
  >
    <span
      aria-label="close-circle"
      class="anticon anticon-close-circle c1"
      role="img"
      tabindex="-1"
    >
      <svg
        aria-hidden="true"
        data-icon="close-circle"
        fill="currentColor"
        focusable="false"
        height="1em"
        viewBox="64 64 896 896"
        width="1em"
      >
        <path
          d="M685.4 354.8c0-4.4-3.6-8-8-8l-66 .3L512 465.6l-99.3-118.4-66.1-.3c-4.4 0-8 3.5-8 8 0 1.9.7 3.7 1.9 5.2l130.1 155L340.5 670a8.32 8.32 0 00-1.9 5.2c0 4.4 3.6 8 8 8l66.1-.3L512 564.4l99.3 118.4 66 .3c4.4 0 8-3.5 8-8 0-1.9-.7-3.7-1.9-5.2L553.5 515l130.1-155c1.2-1.4 1.8-3.3 1.8-5.2z"
        />
        <path
          d="M512 65C264.6 65 64 265.6 64 513s200.6 448 448 448 448-200.6 448-448S759.4 65 512 65zm0 820c-205.4 0-372-166.6-372-372s166.6-372 372-372 372 166.6 372 372-166.6 372-372 372z"
        />
      </svg>
    </span>
    List Item Wrapper
  </div>
</DocumentFragment>
`;
