// Jest Snapshot v1, https://goo.gl/fbAQLP

exports[`Query Builder it should render QueryBuilder 1`] = `
<DocumentFragment>
  <div
    class="ant-row ant-row-start css-dev-only-do-not-override-1i536d8"
    style="margin-top: -10px; margin-bottom: -10px;"
  >
    <div
      class="ant-col ant-col-24 css-dev-only-do-not-override-1i536d8"
      style="padding-top: 10px; padding-bottom: 10px;"
    >
      <div
        class="ant-row css-dev-only-do-not-override-1i536d8"
        style="margin-top: -25px; margin-bottom: -25px;"
      />
    </div>
    <div
      class="ant-row css-dev-only-do-not-override-1i536d8"
      style="margin-left: -10px; margin-right: -10px;"
    >
      <div
        class="ant-col css-dev-only-do-not-override-1i536d8"
        style="padding-left: 10px; padding-right: 10px;"
      >
        <button
          class="ant-btn css-dev-only-do-not-override-1i536d8 ant-btn-primary"
          type="button"
        >
          <span
            aria-label="plus"
            class="anticon anticon-plus"
            role="img"
          >
            <svg
              aria-hidden="true"
              data-icon="plus"
              fill="currentColor"
              focusable="false"
              height="1em"
              viewBox="64 64 896 896"
              width="1em"
            >
              <defs>
                <style />
              </defs>
              <path
                d="M482 152h60q8 0 8 8v704q0 8-8 8h-60q-8 0-8-8V160q0-8 8-8z"
              />
              <path
                d="M176 474h672q8 0 8 8v60q0 8-8 8H176q-8 0-8-8v-60q0-8 8-8z"
              />
            </svg>
          </span>
          <span>
            Query
          </span>
        </button>
      </div>
      <div
        class="ant-col css-dev-only-do-not-override-1i536d8"
        style="padding-left: 10px; padding-right: 10px;"
      >
        <button
          class="ant-btn css-dev-only-do-not-override-1i536d8 ant-btn-primary"
          type="button"
        >
          <span
            aria-label="plus"
            class="anticon anticon-plus"
            role="img"
          >
            <svg
              aria-hidden="true"
              data-icon="plus"
              fill="currentColor"
              focusable="false"
              height="1em"
              viewBox="64 64 896 896"
              width="1em"
            >
              <defs>
                <style />
              </defs>
              <path
                d="M482 152h60q8 0 8 8v704q0 8-8 8h-60q-8 0-8-8V160q0-8 8-8z"
              />
              <path
                d="M176 474h672q8 0 8 8v60q0 8-8 8H176q-8 0-8-8v-60q0-8 8-8z"
              />
            </svg>
          </span>
          <span>
            Formula
          </span>
        </button>
      </div>
    </div>
  </div>
</DocumentFragment>
`;
